// Jest Snapshot v1, https://goo.gl/fbAQLP

exports[`Logo should render 1`] = `
<div>
  <span
    class="
        logo
        
      "
  >
    <svg
      viewBox="0 0 914 231"
    >
      logo.svg
    </svg>
  </span>
</div>
`;
